[
  {
    "Type": "Status",
    "IconId": 215020,
    "EnglishName": "Vulnerability Up",
    "FrenchName": "Vulnérabilité augmentée",
    "GermanName": "Erhöhte Verwundbarkeit",
    "JapaneseName": "被ダメージ上昇"
  },
  {
    "Type": "Status",
    "IconId": 217101,
    "EnglishName": "Vulnerability Up",
    "FrenchName": "Vulnérabilité augmentée",
    "GermanName": "Erhöhte Verwundbarkeit",
    "JapaneseName": "被ダメージ上昇"
  },
  {
    "Type": "Status",
    "IconId": 215057,
    "EnglishName": "Magic Vulnerability Up",
    "FrenchName": "Vulnérabilité magique augmentée",
    "GermanName": "Erhöhte Magie-Verwundbarkeit",
    "JapaneseName": "被魔法ダメージ増加"
  },
  {
    "Type": "Status",
    "IconId": 218021,
    "EnglishName": "Magic Vulnerability Up",
    "FrenchName": "Vulnérabilité magique augmentée",
    "GermanName": "Erhöhte Magie-Verwundbarkeit",
    "JapaneseName": "被魔法ダメージ増加"
  },
  {
    "Type": "Status",
    "IconId": 215057,
    "EnglishName": "Magic Vulnerability Up",
    "FrenchName": "Vulnérabilité magique augmentée",
    "GermanName": "Erhöhte Magie-Verwundbarkeit",
    "JapaneseName": "被魔法ダメージ上昇"
  },
  {
    "Type": "Status",
    "IconId": 215053,
    "EnglishName": "Physical Vulnerability Up",
    "FrenchName": "Vulnérabilité physique augmentée",
    "GermanName": "Erhöhte physische Verwundbarkeit",
    "JapaneseName": "被物理ダメージ増加"
  },
  {
    "Type": "Status",
    "IconId": 218001,
    "EnglishName": "Physical Vulnerability Up",
    "FrenchName": "Vulnérabilité physique augmentée",
    "GermanName": "Erhöhte physische Verwundbarkeit",
    "JapaneseName": "被物理ダメージ増加"
  },
  {
    "Type": "Status",
    "IconId": 215659,
    "EnglishName": "Marked for Vulnerability Up",
    "FrenchName": "Cible : Vulnérabilité physique augmentée",
    "GermanName": "Erhöhte physische Verwundbarkeit",
    "JapaneseName": "指定：被物理ダメージ増加"
  }
]
